[2J[01;01H[=3h[2J[01;01H[2J[01;01H[=3h[2J[01;01H[2J[01;01H[=3h[2J[01;01HBdsDxe: loading Boot0002 "EFI Internal Shell" from Fv(7CB8BDC9-F8EB-4F34-AAEA-3EE4AF6516A1)/FvFile(7C04A583-9E3E-4F1C-AD65-E05268D0B4D1)
BdsDxe: starting Boot0002 "EFI Internal Shell" from Fv(7CB8BDC9-F8EB-4F34-AAEA-3EE4AF6516A1)/FvFile(7C04A583-9E3E-4F1C-AD65-E05268D0B4D1)
[2J[01;01H[01;01HUEFI Interactive Shell v2.2
EDK II
UEFI v2.70 (EDK II, 0x00010000)
[1m[33m[40mMapping table[0m[37m[40m
[1m[33m[40m      FS0:[0m[37m[40m [1m[37m[40mAlias(s):[0m[37m[40mHD0a1:;BLK1:
          PciRoot(0x0)/Pci(0x1,0x1)/Ata(0x0)/HD(1,MBR,0xBE1AFDFA,0x3F,0xFBFC1)
[1m[33m[40m     BLK0:[0m[37m[40m [1m[37m[40mAlias(s):[0m[37m[40m
          PciRoot(0x0)/Pci(0x1,0x1)/Ata(0x0)
[1m[33m[40m     BLK2:[0m[37m[40m [1m[37m[40mAlias(s):[0m[37m[40m
          PciRoot(0x0)/Pci(0x1,0x1)/Ata(0x0)
[11;01HPress [1m[37m[40mESC[0m[37m[40m in 5 seconds to skip [1m[33m[40mstartup.nsh[0m[37m[40m or any other key to continue.[11;01HPress [1m[37m[40mESC[0m[37m[40m in 4 seconds to skip [1m[33m[40mstartup.nsh[0m[37m[40m or any other key to continue.[11;01HPress [1m[37m[40mESC[0m[37m[40m in 3 seconds to skip [1m[33m[40mstartup.nsh[0m[37m[40m or any other key to continue.[11;01HPress [1m[37m[40mESC[0m[37m[40m in 2 seconds to skip [1m[33m[40mstartup.nsh[0m[37m[40m or any other key to continue.[11;01HPress [1m[37m[40mESC[0m[37m[40m in 1 seconds to skip [1m[33m[40mstartup.nsh[0m[37m[40m or any other key to continue.
[1m[33m[40mShell> [0m[37m[40mfs0:
[1m[33m[40mFS0:\> [0m[37m[40mbootx64.efi
[BOOT] efi_main entry

KenuxK UEFI Bootloader
========================
[BOOT] KenuxK UEFI Bootloader
Locating GOP...
[BOOT] Locating GOP...
[BOOT] GOP found
Locating SFSP...
Opening root...
Loading kernel...
Kernel size: 2371584 bytes
Kernel loaded at 0x200000
Setting 1024x768...
Exiting boot services...
[BOOT] Exiting boot services...
[BOOT] Boot services exited, jumping to kernel...
V!!!! X64 Exception Type - 06(#UD - Invalid Opcode)  CPU Apic ID - 00000000 !!!!
RIP  - 00000000000B0000, CS  - 0000000000000038, RFLAGS - 0000000000010886
RAX  - 0000000000000056, RCX - 000000000FE653B0, RDX - 00000000000003F8
RBX  - 000000000F5EC018, RSP - 000000000024AF08, RBP - 00000000000054A0
RSI  - 000000000FE8AFC0, RDI - 000000000DE1DC18
R8   - 00000000000003FD, R9  - 0000000000000000, R10 - 000000000FE64BF0
R11  - 000000000FE65010, R12 - 000000000FE653B0, R13 - 000000000DDC6018
R14  - 000000000FE6532C, R15 - 000000000DCFD3D0
DS   - 0000000000000030, ES  - 0000000000000030, FS  - 0000000000000030
GS   - 0000000000000030, SS  - 0000000000000030
CR0  - 0000000080010033, CR2 - 0000000000000000, CR3 - 000000000F801000
CR4  - 0000000000000668, CR8 - 0000000000000000
DR0  - 0000000000000000, DR1 - 0000000000000000, DR2 - 0000000000000000
DR3  - 0000000000000000, DR6 - 00000000FFFF0FF0, DR7 - 0000000000000400
GDTR - 000000000F5DC000 0000000000000047, LDTR - 0000000000000000
IDTR - 000000000EFA3018 0000000000000FFF,   TR - 0000000000000000
FXSAVE_STATE - 000000000024AB60
!!!! Can't find image information. !!!!
