-- Start building task run all -- (190409615)
-- Start building task all -- (0)
-- Start building task kernel -- (1)
-- Enter folder kernel/kernel --
<2> Building kernel/kernel/kernel.c
In file included from include/kapi.h:23,
                 from kernel/kernel/kernel.c:36:
include/kapi_bitmap.h: In function 'kapi_bitmap_set_all':
include/kapi_bitmap.h:33:26: warning: conversion from 'long long unsigned int' to 'unsigned int' may change value [-Wconversion]
   33 |     unsigned int longs = (nbits + KAPI_BITS_PER_LONG - 1) / KAPI_BITS_PER_LONG;
      |                          ^
include/kapi_bitmap.h: In function 'kapi_bitmap_clear_all':
include/kapi_bitmap.h:41:26: warning: conversion from 'long long unsigned int' to 'unsigned int' may change value [-Wconversion]
   41 |     unsigned int longs = (nbits + KAPI_BITS_PER_LONG - 1) / KAPI_BITS_PER_LONG;
      |                          ^
include/kapi_bitmap.h: In function 'kapi_bitmap_find_first':
include/kapi_bitmap.h:49:26: warning: conversion from 'long long unsigned int' to 'unsigned int' may change value [-Wconversion]
   49 |     unsigned int longs = (nbits + KAPI_BITS_PER_LONG - 1) / KAPI_BITS_PER_LONG;
      |                          ^
include/kapi_bitmap.h:56:35: warning: conversion to 'int' from 'unsigned int' may change the sign of the result [-Wsign-conversion]
   56 |                     return offset + j;
      |                            ~~~~~~~^~~
include/kapi_bitmap.h: In function 'kapi_bitmap_find_first_zero':
include/kapi_bitmap.h:66:26: warning: conversion from 'long long unsigned int' to 'unsigned int' may change value [-Wconversion]
   66 |     unsigned int longs = (nbits + KAPI_BITS_PER_LONG - 1) / KAPI_BITS_PER_LONG;
      |                          ^
include/kapi_bitmap.h:73:35: warning: conversion to 'int' from 'unsigned int' may change the sign of the result [-Wsign-conversion]
   73 |                     return offset + j;
      |                            ~~~~~~~^~~
include/kapi_bitmap.h: In function 'kapi_bitmap_count':
include/kapi_bitmap.h:84:26: warning: conversion from 'long long unsigned int' to 'unsigned int' may change value [-Wconversion]
   84 |     unsigned int longs = (nbits + KAPI_BITS_PER_LONG - 1) / KAPI_BITS_PER_LONG;
      |                          ^
In file included from include/kapi.h:59:
include/kapi_netlink.h: In function 'kapi_nlmsg_next':
include/kapi_netlink.h:19:37: warning: conversion to 'int' from 'uint32_t' {aka 'unsigned int'} may change the sign of the result [-Wsign-conversion]
   19 | #define KAPI_NLMSG_ALIGNTO          4
      |                                     ^
include/kapi_netlink.h:75:18: note: in expansion of macro 'KAPI_NLMSG_ALIGNTO'
   75 |     int totlen = KAPI_NLMSG_ALIGNTO * ((nlh->nlmsg_len + KAPI_NLMSG_ALIGNTO - 1) / KAPI_NLMSG_ALIGNTO);
      |                  ^~~~~~~~~~~~~~~~~~
kernel/kernel/kernel.c: In function 'kernel_main':
kernel/kernel/kernel.c:116:29: warning: ISO C forbids passing argument 2 of 'drivers_register' between function pointer and 'void *' [-Wpedantic]
  116 |     drivers_register("PCI", pci_init);
      |                             ^~~~~~~~
In file included from kernel/kernel/kernel.c:2:
kernel/arch/x86_64/include/arch/drivers.h:7:47: note: expected 'void *' but argument is of type 'void (*)(void)'
    7 | void drivers_register(const char* name, void* init_func);
      |                                         ~~~~~~^~~~~~~~~
kernel/kernel/kernel.c:117:30: warning: ISO C forbids passing argument 2 of 'drivers_register' between function pointer and 'void *' [-Wpedantic]
  117 |     drivers_register("ACPI", acpi_init);
      |                              ^~~~~~~~~
kernel/arch/x86_64/include/arch/drivers.h:7:47: note: expected 'void *' but argument is of type 'void (*)(void)'
    7 | void drivers_register(const char* name, void* init_func);
      |                                         ~~~~~~^~~~~~~~~
kernel/kernel/kernel.c:118:32: warning: ISO C forbids passing argument 2 of 'drivers_register' between function pointer and 'void *' [-Wpedantic]
  118 |     drivers_register("SMBIOS", smbios_init);
      |                                ^~~~~~~~~~~
kernel/arch/x86_64/include/arch/drivers.h:7:47: note: expected 'void *' but argument is of type 'void (*)(void)'
    7 | void drivers_register(const char* name, void* init_func);
      |                                         ~~~~~~^~~~~~~~~
kernel/kernel/kernel.c:119:29: warning: ISO C forbids passing argument 2 of 'drivers_register' between function pointer and 'void *' [-Wpedantic]
  119 |     drivers_register("RTC", rtc_init);
      |                             ^~~~~~~~
kernel/arch/x86_64/include/arch/drivers.h:7:47: note: expected 'void *' but argument is of type 'void (*)(void)'
    7 | void drivers_register(const char* name, void* init_func);
      |                                         ~~~~~~^~~~~~~~~
kernel/kernel/kernel.c:120:29: warning: ISO C forbids passing argument 2 of 'drivers_register' between function pointer and 'void *' [-Wpedantic]
  120 |     drivers_register("PIT", pit_init);
      |                             ^~~~~~~~
kernel/arch/x86_64/include/arch/drivers.h:7:47: note: expected 'void *' but argument is of type 'void (*)(void)'
    7 | void drivers_register(const char* name, void* init_func);
      |                                         ~~~~~~^~~~~~~~~
kernel/kernel/kernel.c:121:29: warning: ISO C forbids passing argument 2 of 'drivers_register' between function pointer and 'void *' [-Wpedantic]
  121 |     drivers_register("PIC", pic_init);
      |                             ^~~~~~~~
kernel/arch/x86_64/include/arch/drivers.h:7:47: note: expected 'void *' but argument is of type 'void (*)(void)'
    7 | void drivers_register(const char* name, void* init_func);
      |                                         ~~~~~~^~~~~~~~~
kernel/kernel/kernel.c:122:29: warning: ISO C forbids passing argument 2 of 'drivers_register' between function pointer and 'void *' [-Wpedantic]
  122 |     drivers_register("IDT", idt_init);
      |                             ^~~~~~~~
kernel/arch/x86_64/include/arch/drivers.h:7:47: note: expected 'void *' but argument is of type 'void (*)(void)'
    7 | void drivers_register(const char* name, void* init_func);
      |                                         ~~~~~~^~~~~~~~~
kernel/kernel/kernel.c:123:29: warning: ISO C forbids passing argument 2 of 'drivers_register' between function pointer and 'void *' [-Wpedantic]
  123 |     drivers_register("GDT", gdt_init);
      |                             ^~~~~~~~
kernel/arch/x86_64/include/arch/drivers.h:7:47: note: expected 'void *' but argument is of type 'void (*)(void)'
    7 | void drivers_register(const char* name, void* init_func);
      |                                         ~~~~~~^~~~~~~~~
kernel/kernel/kernel.c:124:30: warning: ISO C forbids passing argument 2 of 'drivers_register' between function pointer and 'void *' [-Wpedantic]
  124 |     drivers_register("HPET", hpet_init);
      |                              ^~~~~~~~~
kernel/arch/x86_64/include/arch/drivers.h:7:47: note: expected 'void *' but argument is of type 'void (*)(void)'
    7 | void drivers_register(const char* name, void* init_func);
      |                                         ~~~~~~^~~~~~~~~
kernel/kernel/kernel.c:125:30: warning: ISO C forbids passing argument 2 of 'drivers_register' between function pointer and 'void *' [-Wpedantic]
  125 |     drivers_register("AHCI", ahci_init);
      |                              ^~~~~~~~~
kernel/arch/x86_64/include/arch/drivers.h:7:47: note: expected 'void *' but argument is of type 'void (*)(void)'
    7 | void drivers_register(const char* name, void* init_func);
      |                                         ~~~~~~^~~~~~~~~
kernel/kernel/kernel.c:126:30: warning: ISO C forbids passing argument 2 of 'drivers_register' between function pointer and 'void *' [-Wpedantic]
  126 |     drivers_register("SATA", sata_init);
      |                              ^~~~~~~~~
kernel/arch/x86_64/include/arch/drivers.h:7:47: note: expected 'void *' but argument is of type 'void (*)(void)'
    7 | void drivers_register(const char* name, void* init_func);
      |                                         ~~~~~~^~~~~~~~~
kernel/kernel/kernel.c:127:30: warning: ISO C forbids passing argument 2 of 'drivers_register' between function pointer and 'void *' [-Wpedantic]
  127 |     drivers_register("EHCI", ehci_init);
      |                              ^~~~~~~~~
kernel/arch/x86_64/include/arch/drivers.h:7:47: note: expected 'void *' but argument is of type 'void (*)(void)'
    7 | void drivers_register(const char* name, void* init_func);
      |                                         ~~~~~~^~~~~~~~~
kernel/kernel/kernel.c:128:30: warning: ISO C forbids passing argument 2 of 'drivers_register' between function pointer and 'void *' [-Wpedantic]
  128 |     drivers_register("XHCI", xhci_init);
      |                              ^~~~~~~~~
kernel/arch/x86_64/include/arch/drivers.h:7:47: note: expected 'void *' but argument is of type 'void (*)(void)'
    7 | void drivers_register(const char* name, void* init_func);
      |                                         ~~~~~~^~~~~~~~~
kernel/kernel/kernel.c:129:33: warning: ISO C forbids passing argument 2 of 'drivers_register' between function pointer and 'void *' [-Wpedantic]
  129 |     drivers_register("NETWORK", network_init);
      |                                 ^~~~~~~~~~~~
kernel/arch/x86_64/include/arch/drivers.h:7:47: note: expected 'void *' but argument is of type 'void (*)(void)'
    7 | void drivers_register(const char* name, void* init_func);
      |                                         ~~~~~~^~~~~~~~~
kernel/kernel/kernel.c:130:31: warning: ISO C forbids passing argument 2 of 'drivers_register' between function pointer and 'void *' [-Wpedantic]
  130 |     drivers_register("SOUND", sound_init);
      |                               ^~~~~~~~~~
kernel/arch/x86_64/include/arch/drivers.h:7:47: note: expected 'void *' but argument is of type 'void (*)(void)'
    7 | void drivers_register(const char* name, void* init_func);
      |                                         ~~~~~~^~~~~~~~~
kernel/kernel/kernel.c:131:30: warning: ISO C forbids passing argument 2 of 'drivers_register' between function pointer and 'void *' [-Wpedantic]
  131 |     drivers_register("AC97", ac97_init);
      |                              ^~~~~~~~~
kernel/arch/x86_64/include/arch/drivers.h:7:47: note: expected 'void *' but argument is of type 'void (*)(void)'
    7 | void drivers_register(const char* name, void* init_func);
      |                                         ~~~~~~^~~~~~~~~
kernel/kernel/kernel.c:132:29: warning: ISO C forbids passing argument 2 of 'drivers_register' between function pointer and 'void *' [-Wpedantic]
  132 |     drivers_register("HDA", hda_init);
      |                             ^~~~~~~~
kernel/arch/x86_64/include/arch/drivers.h:7:47: note: expected 'void *' but argument is of type 'void (*)(void)'
    7 | void drivers_register(const char* name, void* init_func);
      |                                         ~~~~~~^~~~~~~~~
kernel/kernel/kernel.c:133:34: warning: ISO C forbids passing argument 2 of 'drivers_register' between function pointer and 'void *' [-Wpedantic]
  133 |     drivers_register("USERMODE", usermode_init);
      |                                  ^~~~~~~~~~~~~
kernel/arch/x86_64/include/arch/drivers.h:7:47: note: expected 'void *' but argument is of type 'void (*)(void)'
    7 | void drivers_register(const char* name, void* init_func);
      |                                         ~~~~~~^~~~~~~~~
kernel/kernel/kernel.c:134:31: warning: ISO C forbids passing argument 2 of 'drivers_register' between function pointer and 'void *' [-Wpedantic]
  134 |     drivers_register("SHELL", shell_init);
      |                               ^~~~~~~~~~
kernel/arch/x86_64/include/arch/drivers.h:7:47: note: expected 'void *' but argument is of type 'void (*)(void)'
    7 | void drivers_register(const char* name, void* init_func);
      |                                         ~~~~~~^~~~~~~~~
kernel/kernel/kernel.c:170:37: warning: ISO C forbids conversion of function pointer to object pointer type [-Wpedantic]
  170 |     usermode_create_process("init", (void*)init_main, &pid);
      |                                     ^
kernel/kernel/kernel.c:57:71: warning: unused parameter 'mmi' [-Wunused-parameter]
   57 | void kernel_main(struct FrameBufferConfig *fbc, struct MemoryMapInfo *mmi)
      |                                                 ~~~~~~~~~~~~~~~~~~~~~~^~~
-- Enter folder img/boot --
<3> Building img/boot/kernel.elf.pe
D:/mingw64/bin/../lib/gcc/x86_64-w64-mingw32/16.1.0/../../../../x86_64-w64-mingw32/bin/ld.exe: img/boot/kernel.elf.pe:/4: section below image base
D:/mingw64/bin/../lib/gcc/x86_64-w64-mingw32/16.1.0/../../../../x86_64-w64-mingw32/bin/ld.exe: img/boot/kernel.elf.pe:/19: section below image base
D:/mingw64/bin/../lib/gcc/x86_64-w64-mingw32/16.1.0/../../../../x86_64-w64-mingw32/bin/ld.exe: img/boot/kernel.elf.pe:/35: section below image base
D:/mingw64/bin/../lib/gcc/x86_64-w64-mingw32/16.1.0/../../../../x86_64-w64-mingw32/bin/ld.exe: img/boot/kernel.elf.pe:/46: section below image base
D:/mingw64/bin/../lib/gcc/x86_64-w64-mingw32/16.1.0/../../../../x86_64-w64-mingw32/bin/ld.exe: img/boot/kernel.elf.pe:/58: section below image base
D:/mingw64/bin/../lib/gcc/x86_64-w64-mingw32/16.1.0/../../../../x86_64-w64-mingw32/bin/ld.exe: img/boot/kernel.elf.pe:/70: section below image base
D:/mingw64/bin/../lib/gcc/x86_64-w64-mingw32/16.1.0/../../../../x86_64-w64-mingw32/bin/ld.exe: img/boot/kernel.elf.pe:/84: section below image base
D:/mingw64/bin/../lib/gcc/x86_64-w64-mingw32/16.1.0/../../../../x86_64-w64-mingw32/bin/ld.exe: img/boot/kernel.elf.pe:/100: section below image base
D:/mingw64/bin/../lib/gcc/x86_64-w64-mingw32/16.1.0/../../../../x86_64-w64-mingw32/bin/ld.exe: img/boot/kernel.elf.pe:/113: section below image base
D:/mingw64/bin/../lib/gcc/x86_64-w64-mingw32/16.1.0/../../../../x86_64-w64-mingw32/bin/ld.exe: img/boot/kernel.elf.pe:/129: section below image base
D:/mingw64/bin/../lib/gcc/x86_64-w64-mingw32/16.1.0/../../../../x86_64-w64-mingw32/bin/ld.exe: img/boot/kernel.elf.pe:.text: section below image base
D:/mingw64/bin/../lib/gcc/x86_64-w64-mingw32/16.1.0/../../../../x86_64-w64-mingw32/bin/ld.exe: img/boot/kernel.elf.pe:.rodata: section below image base
D:/mingw64/bin/../lib/gcc/x86_64-w64-mingw32/16.1.0/../../../../x86_64-w64-mingw32/bin/ld.exe: img/boot/kernel.elf.pe:.data: section below image base
D:/mingw64/bin/../lib/gcc/x86_64-w64-mingw32/16.1.0/../../../../x86_64-w64-mingw32/bin/ld.exe: img/boot/kernel.elf.pe:.bss: section below image base
<1> Generating img/boot/kernel.bin
-- Enter folder esp --
<2> Generating esp/KENUXK.BIN
DONE TASK run all IN 1.0s.
Result:
Started 3 tasks
Entered 3 folders
Built 2 files
Generated 2 files
Ran 0 commands
Downloaded 0 files
0 errors
