-- Start building task run all -- (437333413)
-- Start building task all -- (0)
-- Start building task kernel -- (1)
-- Enter folder apps/container-os/src --
<3> Building apps/container-os/src/container_gui.c
apps/container-os/src/container_gui.c: In function 'draw_tab_bar':
apps/container-os/src/container_gui.c:11:40: warning: comparison of integer expressions of different signedness: 'gui_tab_t' and 'int' [-Wsign-compare]
   11 |         int active = (gui->current_tab == i);
      |                                        ^~
apps/container-os/src/container_gui.c: In function 'draw_container_list':
apps/container-os/src/container_gui.c:28:18: warning: conversion to 'uint32_t' {aka 'unsigned int'} from 'int' may change the sign of the result [-Wsign-conversion]
   28 |     fb_draw_line(x, y + 22, x + w - 2, y + 22, GUI_COLOR_WINDOW_FRAME);
      |                  ^
apps/container-os/src/container_gui.c:28:23: warning: conversion to 'uint32_t' {aka 'unsigned int'} from 'int' may change the sign of the result [-Wsign-conversion]
   28 |     fb_draw_line(x, y + 22, x + w - 2, y + 22, GUI_COLOR_WINDOW_FRAME);
      |                     ~~^~~~
apps/container-os/src/container_gui.c:28:35: warning: conversion to 'uint32_t' {aka 'unsigned int'} from 'int' may change the sign of the result [-Wsign-conversion]
   28 |     fb_draw_line(x, y + 22, x + w - 2, y + 22, GUI_COLOR_WINDOW_FRAME);
      |                             ~~~~~~^~~
apps/container-os/src/container_gui.c:28:42: warning: conversion to 'uint32_t' {aka 'unsigned int'} from 'int' may change the sign of the result [-Wsign-conversion]
   28 |     fb_draw_line(x, y + 22, x + w - 2, y + 22, GUI_COLOR_WINDOW_FRAME);
      |                                        ~~^~~~
apps/container-os/src/container_gui.c:38:22: warning: conversion to 'uint32_t' {aka 'unsigned int'} from 'int' may change the sign of the result [-Wsign-conversion]
   38 |         fb_fill_rect(x, (uint32_t)row_y, (uint32_t)(w - 2), 22, bg);
      |                      ^
apps/container-os/src/container_gui.c:22:80: warning: unused parameter 'h' [-Wunused-parameter]
   22 | static void draw_container_list(container_gui_t *gui, int x, int y, int w, int h)
      |                                                                            ~~~~^
apps/container-os/src/container_gui.c: In function 'draw_image_list':
apps/container-os/src/container_gui.c:75:18: warning: conversion to 'uint32_t' {aka 'unsigned int'} from 'int' may change the sign of the result [-Wsign-conversion]
   75 |     fb_draw_line(x, y + 22, x + w - 2, y + 22, GUI_COLOR_WINDOW_FRAME);
      |                  ^
apps/container-os/src/container_gui.c:75:23: warning: conversion to 'uint32_t' {aka 'unsigned int'} from 'int' may change the sign of the result [-Wsign-conversion]
   75 |     fb_draw_line(x, y + 22, x + w - 2, y + 22, GUI_COLOR_WINDOW_FRAME);
      |                     ~~^~~~
apps/container-os/src/container_gui.c:75:35: warning: conversion to 'uint32_t' {aka 'unsigned int'} from 'int' may change the sign of the result [-Wsign-conversion]
   75 |     fb_draw_line(x, y + 22, x + w - 2, y + 22, GUI_COLOR_WINDOW_FRAME);
      |                             ~~~~~~^~~
apps/container-os/src/container_gui.c:75:42: warning: conversion to 'uint32_t' {aka 'unsigned int'} from 'int' may change the sign of the result [-Wsign-conversion]
   75 |     fb_draw_line(x, y + 22, x + w - 2, y + 22, GUI_COLOR_WINDOW_FRAME);
      |                                        ~~^~~~
apps/container-os/src/container_gui.c:104:45: warning: conversion from 'int' to 'char' may change value [-Wconversion]
  104 |                 while (sz > 0) { tmp[t++] = '0' + sz % 10; sz /= 10; }
      |                                             ^~~
apps/container-os/src/container_gui.c:72:9: warning: unused variable 'count' [-Wunused-variable]
   72 |     int count = image_count();
      |         ^~~~~
apps/container-os/src/container_gui.c:69:76: warning: unused parameter 'h' [-Wunused-parameter]
   69 | static void draw_image_list(container_gui_t *gui, int x, int y, int w, int h)
      |                                                                        ~~~~^
apps/container-os/src/container_gui.c: In function 'draw_volume_list':
apps/container-os/src/container_gui.c:123:18: warning: conversion to 'uint32_t' {aka 'unsigned int'} from 'int' may change the sign of the result [-Wsign-conversion]
  123 |     fb_draw_line(x, y + 22, x + w - 2, y + 22, GUI_COLOR_WINDOW_FRAME);
      |                  ^
apps/container-os/src/container_gui.c:123:23: warning: conversion to 'uint32_t' {aka 'unsigned int'} from 'int' may change the sign of the result [-Wsign-conversion]
  123 |     fb_draw_line(x, y + 22, x + w - 2, y + 22, GUI_COLOR_WINDOW_FRAME);
      |                     ~~^~~~
apps/container-os/src/container_gui.c:123:35: warning: conversion to 'uint32_t' {aka 'unsigned int'} from 'int' may change the sign of the result [-Wsign-conversion]
  123 |     fb_draw_line(x, y + 22, x + w - 2, y + 22, GUI_COLOR_WINDOW_FRAME);
      |                             ~~~~~~^~~
apps/container-os/src/container_gui.c:123:42: warning: conversion to 'uint32_t' {aka 'unsigned int'} from 'int' may change the sign of the result [-Wsign-conversion]
  123 |     fb_draw_line(x, y + 22, x + w - 2, y + 22, GUI_COLOR_WINDOW_FRAME);
      |                                        ~~^~~~
apps/container-os/src/container_gui.c:144:45: warning: conversion from 'int' to 'char' may change value [-Wconversion]
  144 |         else while (sz_mb > 0) { tmp[t++] = '0' + sz_mb % 10; sz_mb /= 10; }
      |                                             ^~~
apps/container-os/src/container_gui.c:151:47: warning: conversion from 'int' to 'char' may change value [-Wconversion]
  151 |         else while (used_mb > 0) { tmp[t++] = '0' + used_mb % 10; used_mb /= 10; }
      |                                               ^~~
apps/container-os/src/container_gui.c:120:9: warning: unused variable 'count' [-Wunused-variable]
  120 |     int count = volume_count();
      |         ^~~~~
apps/container-os/src/container_gui.c:117:77: warning: unused parameter 'h' [-Wunused-parameter]
  117 | static void draw_volume_list(container_gui_t *gui, int x, int y, int w, int h)
      |                                                                         ~~~~^
apps/container-os/src/container_gui.c: In function 'draw_log_view':
apps/container-os/src/container_gui.c:176:18: warning: conversion to 'uint32_t' {aka 'unsigned int'} from 'int' may change the sign of the result [-Wsign-conversion]
  176 |     fb_draw_line(x, y + 22, x + w - 2, y + 22, GUI_COLOR_WINDOW_FRAME);
      |                  ^
apps/container-os/src/container_gui.c:176:23: warning: conversion to 'uint32_t' {aka 'unsigned int'} from 'int' may change the sign of the result [-Wsign-conversion]
  176 |     fb_draw_line(x, y + 22, x + w - 2, y + 22, GUI_COLOR_WINDOW_FRAME);
      |                     ~~^~~~
apps/container-os/src/container_gui.c:176:35: warning: conversion to 'uint32_t' {aka 'unsigned int'} from 'int' may change the sign of the result [-Wsign-conversion]
  176 |     fb_draw_line(x, y + 22, x + w - 2, y + 22, GUI_COLOR_WINDOW_FRAME);
      |                             ~~~~~~^~~
apps/container-os/src/container_gui.c:176:42: warning: conversion to 'uint32_t' {aka 'unsigned int'} from 'int' may change the sign of the result [-Wsign-conversion]
  176 |     fb_draw_line(x, y + 22, x + w - 2, y + 22, GUI_COLOR_WINDOW_FRAME);
      |                                        ~~^~~~
apps/container-os/src/container_gui.c:179:9: warning: variable 'log_x' set but not used [-Wunused-but-set-variable=]
  179 |     int log_x = 0;
      |         ^~~~~
apps/container-os/src/container_gui.c: In function 'draw_content':
apps/container-os/src/container_gui.c:205:18: warning: conversion to 'uint32_t' {aka 'unsigned int'} from 'int' may change the sign of the result [-Wsign-conversion]
  205 |     fb_fill_rect(x, (uint32_t)y, (uint32_t)w, (uint32_t)h, GUI_COLOR_WINDOW_BG);
      |                  ^
-- Enter folder img/boot --
<1> Building img/boot/kernel.elf.pe
D:/mingw64/bin/../lib/gcc/x86_64-w64-mingw32/16.1.0/../../../../x86_64-w64-mingw32/bin/ld.exe: img/boot/kernel.elf.pe:/4: section below image base
D:/mingw64/bin/../lib/gcc/x86_64-w64-mingw32/16.1.0/../../../../x86_64-w64-mingw32/bin/ld.exe: img/boot/kernel.elf.pe:/19: section below image base
D:/mingw64/bin/../lib/gcc/x86_64-w64-mingw32/16.1.0/../../../../x86_64-w64-mingw32/bin/ld.exe: img/boot/kernel.elf.pe:/35: section below image base
D:/mingw64/bin/../lib/gcc/x86_64-w64-mingw32/16.1.0/../../../../x86_64-w64-mingw32/bin/ld.exe: img/boot/kernel.elf.pe:/46: section below image base
D:/mingw64/bin/../lib/gcc/x86_64-w64-mingw32/16.1.0/../../../../x86_64-w64-mingw32/bin/ld.exe: img/boot/kernel.elf.pe:/58: section below image base
D:/mingw64/bin/../lib/gcc/x86_64-w64-mingw32/16.1.0/../../../../x86_64-w64-mingw32/bin/ld.exe: img/boot/kernel.elf.pe:/70: section below image base
D:/mingw64/bin/../lib/gcc/x86_64-w64-mingw32/16.1.0/../../../../x86_64-w64-mingw32/bin/ld.exe: img/boot/kernel.elf.pe:/84: section below image base
D:/mingw64/bin/../lib/gcc/x86_64-w64-mingw32/16.1.0/../../../../x86_64-w64-mingw32/bin/ld.exe: img/boot/kernel.elf.pe:/100: section below image base
D:/mingw64/bin/../lib/gcc/x86_64-w64-mingw32/16.1.0/../../../../x86_64-w64-mingw32/bin/ld.exe: img/boot/kernel.elf.pe:/113: section below image base
D:/mingw64/bin/../lib/gcc/x86_64-w64-mingw32/16.1.0/../../../../x86_64-w64-mingw32/bin/ld.exe: img/boot/kernel.elf.pe:/129: section below image base
D:/mingw64/bin/../lib/gcc/x86_64-w64-mingw32/16.1.0/../../../../x86_64-w64-mingw32/bin/ld.exe: img/boot/kernel.elf.pe:.text: section below image base
D:/mingw64/bin/../lib/gcc/x86_64-w64-mingw32/16.1.0/../../../../x86_64-w64-mingw32/bin/ld.exe: img/boot/kernel.elf.pe:.rodata: section below image base
D:/mingw64/bin/../lib/gcc/x86_64-w64-mingw32/16.1.0/../../../../x86_64-w64-mingw32/bin/ld.exe: img/boot/kernel.elf.pe:.data: section below image base
D:/mingw64/bin/../lib/gcc/x86_64-w64-mingw32/16.1.0/../../../../x86_64-w64-mingw32/bin/ld.exe: img/boot/kernel.elf.pe:.bss: section below image base
<2> Generating img/boot/kernel.bin
-- Enter folder esp --
<3> Generating esp/KENUXK.BIN
DONE TASK run all IN 1.6s.
Result:
Started 3 tasks
Entered 3 folders
Built 2 files
Generated 2 files
Ran 0 commands
Downloaded 0 files
0 errors
